###############################################################################
#
# IAR ELF Linker V3.10.1.201 for STM8                     13/Aug/2020  17:35:56
# Copyright 2010-2017 IAR Systems AB.
#
#    Output file  =  
#        C:\Users\86153\Desktop\新建文件夹
#        (2)\zh\WaterLoveFlower\HW3000_TX\Debug\Exe\HW_TX.out
#    Map file     =  
#        C:\Users\86153\Desktop\新建文件夹
#        (2)\zh\WaterLoveFlower\HW3000_TX\Debug\List\HW_TX.map
#    Command line =  
#        -f C:\Users\86153\AppData\Local\Temp\EW8D29.tmp
#        ("C:\Users\86153\Desktop\新建文件夹
#        (2)\zh\WaterLoveFlower\HW3000_TX\Debug\Obj\bsp.o"
#        "C:\Users\86153\Desktop\新建文件夹
#        (2)\zh\WaterLoveFlower\HW3000_TX\Debug\Obj\ds3231.o"
#        "C:\Users\86153\Desktop\新建文件夹
#        (2)\zh\WaterLoveFlower\HW3000_TX\Debug\Obj\FSM.o"
#        "C:\Users\86153\Desktop\新建文件夹
#        (2)\zh\WaterLoveFlower\HW3000_TX\Debug\Obj\gpio.o"
#        "C:\Users\86153\Desktop\新建文件夹
#        (2)\zh\WaterLoveFlower\HW3000_TX\Debug\Obj\hw3000.o"
#        "C:\Users\86153\Desktop\新建文件夹
#        (2)\zh\WaterLoveFlower\HW3000_TX\Debug\Obj\i2c.o"
#        "C:\Users\86153\Desktop\新建文件夹
#        (2)\zh\WaterLoveFlower\HW3000_TX\Debug\Obj\Key.o"
#        "C:\Users\86153\Desktop\新建文件夹
#        (2)\zh\WaterLoveFlower\HW3000_TX\Debug\Obj\LED.o"
#        "C:\Users\86153\Desktop\新建文件夹
#        (2)\zh\WaterLoveFlower\HW3000_TX\Debug\Obj\main.o"
#        "C:\Users\86153\Desktop\新建文件夹
#        (2)\zh\WaterLoveFlower\HW3000_TX\Debug\Obj\Motor.o"
#        "C:\Users\86153\Desktop\新建文件夹
#        (2)\zh\WaterLoveFlower\HW3000_TX\Debug\Obj\stm8l10x_awu.o"
#        "C:\Users\86153\Desktop\新建文件夹
#        (2)\zh\WaterLoveFlower\HW3000_TX\Debug\Obj\stm8l10x_beep.o"
#        "C:\Users\86153\Desktop\新建文件夹
#        (2)\zh\WaterLoveFlower\HW3000_TX\Debug\Obj\stm8l10x_clk.o"
#        "C:\Users\86153\Desktop\新建文件夹
#        (2)\zh\WaterLoveFlower\HW3000_TX\Debug\Obj\stm8l10x_comp.o"
#        "C:\Users\86153\Desktop\新建文件夹
#        (2)\zh\WaterLoveFlower\HW3000_TX\Debug\Obj\stm8l10x_exti.o"
#        "C:\Users\86153\Desktop\新建文件夹
#        (2)\zh\WaterLoveFlower\HW3000_TX\Debug\Obj\stm8l10x_flash.o"
#        "C:\Users\86153\Desktop\新建文件夹
#        (2)\zh\WaterLoveFlower\HW3000_TX\Debug\Obj\stm8l10x_gpio.o"
#        "C:\Users\86153\Desktop\新建文件夹
#        (2)\zh\WaterLoveFlower\HW3000_TX\Debug\Obj\stm8l10x_i2c.o"
#        "C:\Users\86153\Desktop\新建文件夹
#        (2)\zh\WaterLoveFlower\HW3000_TX\Debug\Obj\stm8l10x_irtim.o"
#        "C:\Users\86153\Desktop\新建文件夹
#        (2)\zh\WaterLoveFlower\HW3000_TX\Debug\Obj\stm8l10x_it.o"
#        "C:\Users\86153\Desktop\新建文件夹
#        (2)\zh\WaterLoveFlower\HW3000_TX\Debug\Obj\stm8l10x_itc.o"
#        "C:\Users\86153\Desktop\新建文件夹
#        (2)\zh\WaterLoveFlower\HW3000_TX\Debug\Obj\stm8l10x_iwdg.o"
#        "C:\Users\86153\Desktop\新建文件夹
#        (2)\zh\WaterLoveFlower\HW3000_TX\Debug\Obj\stm8l10x_rst.o"
#        "C:\Users\86153\Desktop\新建文件夹
#        (2)\zh\WaterLoveFlower\HW3000_TX\Debug\Obj\stm8l10x_spi.o"
#        "C:\Users\86153\Desktop\新建文件夹
#        (2)\zh\WaterLoveFlower\HW3000_TX\Debug\Obj\stm8l10x_tim2.o"
#        "C:\Users\86153\Desktop\新建文件夹
#        (2)\zh\WaterLoveFlower\HW3000_TX\Debug\Obj\stm8l10x_tim3.o"
#        "C:\Users\86153\Desktop\新建文件夹
#        (2)\zh\WaterLoveFlower\HW3000_TX\Debug\Obj\stm8l10x_tim4.o"
#        "C:\Users\86153\Desktop\新建文件夹
#        (2)\zh\WaterLoveFlower\HW3000_TX\Debug\Obj\stm8l10x_usart.o"
#        "C:\Users\86153\Desktop\新建文件夹
#        (2)\zh\WaterLoveFlower\HW3000_TX\Debug\Obj\stm8l10x_wfe.o"
#        "C:\Users\86153\Desktop\新建文件夹
#        (2)\zh\WaterLoveFlower\HW3000_TX\Debug\Obj\System.o"
#        "C:\Users\86153\Desktop\新建文件夹
#        (2)\zh\WaterLoveFlower\HW3000_TX\Debug\Obj\Time.o"
#        "C:\Users\86153\Desktop\新建文件夹
#        (2)\zh\WaterLoveFlower\HW3000_TX\Debug\Obj\tm1621.o"
#        "C:\Users\86153\Desktop\新建文件夹
#        (2)\zh\WaterLoveFlower\HW3000_TX\Debug\Obj\TM1650.o"
#        "C:\Users\86153\Desktop\新建文件夹
#        (2)\zh\WaterLoveFlower\HW3000_TX\Debug\Obj\uart.o" --redirect
#        _Printf=_PrintfSmall --redirect _Scanf=_ScanfSmall -o
#        "C:\Users\86153\Desktop\新建文件夹
#        (2)\zh\WaterLoveFlower\HW3000_TX\Debug\Exe\HW_TX.out" --map
#        "C:\Users\86153\Desktop\新建文件夹
#        (2)\zh\WaterLoveFlower\HW3000_TX\Debug\List\HW_TX.map" --config
#        "C:\Program Files (x86)\IAR Systems\Embedded Workbench
#        8.0\stm8\config\lnkstm8l101f3.icf" --config_def _CSTACK_SIZE=0x100
#        --config_def _HEAP_SIZE=0x100 --entry __iar_program_start --debug_lib)
#
###############################################################################

*******************************************************************************
*** RUNTIME MODEL ATTRIBUTES
***

__Heap_Handler             = Basic
__SystemLibrary            = DLib
__code_model               = small
__core                     = stm8
__data_model               = medium
__dlib_file_descriptor     = 0
__dlib_full_locale_support = 0
__rt_version               = 4


*******************************************************************************
*** PLACEMENT SUMMARY
***

"A0":  place at start of [0x000000-0x0000ff] { rw section .vregs };
"A1":  place at end of [0x000000-0x0005ff] { block CSTACK };
"P2":  place in [from 0x000000 to 0x0005ff] {
          block HEAP, rw section __DLIB_PERTHREAD, rw section .far.bss,
          rw section .far.data, rw section .far.noinit,
          rw section .far_func.textrw, rw section .huge.bss,
          rw section .huge.data, rw section .huge.noinit,
          rw section .huge_func.textrw, rw section .iar.dynexit,
          rw section .near.bss, rw section .near.data, rw section .near.noinit,
          rw section .near_func.textrw };
"A2":  place at start of [0x008000-0x009fff] { block INTVEC };
"P3":  place in [from 0x008000 to 0x009fff] {
          ro section __DLIB_PERTHREAD_init, ro section .far.data_init,
          ro section .far_func.textrw_init, ro section .huge.data_init,
          ro section .huge_func.textrw_init, ro section .iar.init_table,
          ro section .init_array, ro section .near.data_init,
          ro section .near.rodata, ro section .near_func.text,
          ro section .near_func.textrw_init, ro section .tiny.data_init,
          ro section .tiny.rodata_init };
"P4":  place in [from 0x008000 to 0x009fff] {
          ro section .far.rodata, ro section .far_func.text };
"P5":  place in [from 0x008000 to 0x009fff] {
          ro section .huge.rodata, ro section .huge_func.text };
do not initialize {
   rw section .far.noinit, rw section .huge.noinit, rw section .near.noinit,
   rw section .tiny.noinit, rw section .vregs };
initialize by copy {
   rw section .far.bss, rw section .far.data, rw section .far_func.textrw,
   rw section .huge.bss, rw section .huge.data, rw section .huge_func.textrw,
   rw section .iar.dynexit, rw section .near.bss, rw section .near.data,
   rw section .near_func.textrw, rw section .tiny.bss, rw section .tiny.data,
   ro section .tiny.rodata };

  Section            Kind      Address    Size  Object
  -------            ----      -------    ----  ------
"A0":                                     0x10
  .vregs             uninit   0x000000    0x10  vregs.o [4]
                            - 0x000010    0x10

"P2", part 1 of 3:                        0x4f
  P2-1                        0x000010    0x4f  <Init block>
    .near.data       inited   0x000010     0xa  LED.o [1]
    .near.data       inited   0x00001a     0x1  LED.o [1]
    .near.data       inited   0x00001b    0x40  System.o [1]
    .near.data       inited   0x00005b     0x4  TM1650.o [1]
                            - 0x00005f    0x4f

"P2", part 2 of 3:                       0x100
  HEAP                        0x00005f   0x100  <Block>
    HEAP             uninit   0x00005f   0x100  <Block tail>
                            - 0x00015f   0x100

"P2", part 3 of 3:                        0x27
  .near.bss          zero     0x00015f     0xa  hw3000.o [1]
  .near.bss          zero     0x000169     0x4  stm8l10x_it.o [1]
  .near.bss          zero     0x00016d     0x4  xxmemxmalloc.o [4]
  .near.bss          zero     0x000171     0x2  System.o [1]
  .near.bss          zero     0x000173     0x2  System.o [1]
  .near.bss          zero     0x000175     0x2  System.o [1]
  .near.bss          zero     0x000177     0x2  Time.o [1]
  .near.bss          zero     0x000179     0x2  Time.o [1]
  .near.bss          zero     0x00017b     0x2  xgetmemchunk.o [4]
  .near.bss          zero     0x00017d     0x1  hw3000.o [1]
  .near.bss          zero     0x00017e     0x1  LED.o [1]
  .near.bss          zero     0x00017f     0x1  LED.o [1]
  .near.bss          zero     0x000180     0x1  Motor.o [1]
  .near.bss          zero     0x000181     0x1  System.o [1]
  .near.bss          zero     0x000182     0x1  System.o [1]
  .near.bss          zero     0x000183     0x1  Time.o [1]
  .near.bss          zero     0x000184     0x1  Time.o [1]
  .near.bss          zero     0x000185     0x1  TM1650.o [1]
                            - 0x000186    0x27

"A1":                                    0x100
  CSTACK                      0x000500   0x100  <Block>
    CSTACK           uninit   0x000500   0x100  <Block tail>
                            - 0x000600   0x100

"A2":                                     0x80
  INTVEC                      0x008000    0x80  <Block>
    .intvec          const    0x008000    0x80  interrupt.o [4]
                            - 0x008080    0x80

"P3-P5":                                0x17e7
  .near_func.text    ro code  0x008080   0x2f3  hw3000.o [1]
  .near_func.text    ro code  0x008373   0x171  stm8l10x_i2c.o [1]
  .near_func.text    ro code  0x0084e4   0x123  long.o [4]
  .near_func.text    ro code  0x008607   0x10d  stm8l10x_exti.o [1]
  .near_func.text    ro code  0x008714    0xf9  vreg_util.o [4]
  .near_func.text    ro code  0x00880d    0xd3  xxmemxfree.o [4]
  .near_func.text    ro code  0x0088e0    0xcf  TM1650.o [1]
  .near_func.text    ro code  0x0089af    0xa6  i2c.o [1]
  .near_func.text    ro code  0x008a55    0x92  xxmemxmalloc.o [4]
  .near_func.text    ro code  0x008ae7    0x89  Time.o [1]
  .near_func.text    ro code  0x008b70    0x81  stm8l10x_gpio.o [1]
  .near_func.text    ro code  0x008bf1    0x79  i2c.o [1]
  .near_func.text    ro code  0x008c6a    0x71  System.o [1]
  .near_func.text    ro code  0x008cdb    0x65  stm8l10x_tim2.o [1]
  .near_func.text    ro code  0x008d40    0x65  stm8l10x_tim3.o [1]
  .near_func.text    ro code  0x008da5    0x65  TM1650.o [1]
  .near_func.text    ro code  0x008e0a    0x63  xxmemxmalloc.o [4]
  Initializer bytes  const    0x008e6d    0x4f  <for P2-1>
  .near_func.text    ro code  0x008ebc    0x4e  LED.o [1]
  .near_func.text    ro code  0x008f0a    0x47  short.o [4]
  .near_func.text    ro code  0x008f51    0x46  TM1650.o [1]
  .near_func.text    ro code  0x008f97    0x41  System.o [1]
  .near_func.text    ro code  0x008fd8    0x3b  System.o [1]
  .near_func.text    ro code  0x009013    0x39  System.o [1]
  .near_func.text    ro code  0x00904c    0x38  stm8l10x_it.o [1]
  .near_func.text    ro code  0x009084    0x35  stm8l10x_clk.o [1]
  .near_func.text    ro code  0x0090b9    0x34  LED.o [1]
  .near_func.text    ro code  0x0090ed    0x33  TM1650.o [1]
  .near_func.text    ro code  0x009120    0x30  stm8l10x_it.o [1]
  .near_func.text    ro code  0x009150    0x30  TM1650.o [1]
  .near_func.text    ro code  0x009180    0x2d  Key.o [1]
  .near_func.text    ro code  0x0091ad    0x2d  stm8l10x_tim2.o [1]
  .near_func.text    ro code  0x0091da    0x2d  System.o [1]
  .near_func.text    ro code  0x009207    0x2b  main.o [1]
  .near_func.text    ro code  0x009232    0x29  TM1650.o [1]
  .near_func.text    ro code  0x00925b    0x29  TM1650.o [1]
  .near_func.text    ro code  0x009284    0x28  stm8l10x_it.o [1]
  .near_func.text    ro code  0x0092ac    0x28  init_small.o [4]
  .near_func.text    ro code  0x0092d4    0x27  TM1650.o [1]
  .near_func.text    ro code  0x0092fb    0x26  long_util.o [4]
  .near_func.text    ro code  0x009321    0x25  i2c.o [1]
  .near_func.text    ro code  0x009346    0x25  stm8l10x_i2c.o [1]
  .near_func.text    ro code  0x00936b    0x25  dc_util.o [4]
  .near_func.text    ro code  0x009390    0x24  Time.o [1]
  .near_func.text    ro code  0x0093b4    0x24  Time.o [1]
  .near_func.text    ro code  0x0093d8    0x22  TM1650.o [1]
  .iar.init_table    const    0x0093fa    0x12  - Linker created -
  .near_func.text    ro code  0x00940c    0x20  stm8l10x_tim2.o [1]
  .near_func.text    ro code  0x00942c    0x20  stm8l10x_tim3.o [1]
  .near_func.text    ro code  0x00944c    0x1f  main.o [1]
  .near_func.text    ro code  0x00946b    0x1f  System.o [1]
  .near_func.text    ro code  0x00948a    0x1f  move.o [4]
  .near_func.text    ro code  0x0094a9    0x1e  init_small.o [4]
  .near_func.text    ro code  0x0094c7    0x1d  main.o [1]
  .near_func.text    ro code  0x0094e4    0x1c  TM1650.o [1]
  .near_func.text    ro code  0x009500    0x1c  TM1650.o [1]
  .near_func.text    ro code  0x00951c    0x1b  stm8l10x_it.o [1]
  .near_func.text    ro code  0x009537    0x1b  stm8l10x_it.o [1]
  .near_func.text    ro code  0x009552    0x1b  stm8l10x_it.o [1]
  .near_func.text    ro code  0x00956d    0x1a  stm8l10x_clk.o [1]
  .near_func.text    ro code  0x009587    0x1a  stm8l10x_tim2.o [1]
  .near_func.text    ro code  0x0095a1    0x1a  stm8l10x_tim3.o [1]
  .near_func.text    ro code  0x0095bb    0x1a  Time.o [1]
  .near_func.text    ro code  0x0095d5    0x19  stm8l10x_exti.o [1]
  .near_func.text    ro code  0x0095ee    0x19  stm8l10x_flash.o [1]
  .near_func.text    ro code  0x009607    0x19  xgetmemchunk.o [4]
  .near_func.text    ro code  0x009620    0x18  stm8l10x_exti.o [1]
  .near_func.text    ro code  0x009638    0x18  TM1650.o [1]
  .near_func.text    ro code  0x009650    0x17  FSM.o [1]
  .near_func.text    ro code  0x009667    0x16  Motor.o [1]
  .near_func.text    ro code  0x00967d    0x16  memset.o [4]
  .near_func.text    ro code  0x009693    0x14  bsp.o [1]
  .near_func.text    ro code  0x0096a7    0x14  init.o [4]
  .near_func.text    ro code  0x0096bb    0x14  __dbg_xxexit.o [3]
  .near_func.text    ro code  0x0096cf    0x13  cstartup.o [4]
  .near_func.text    ro code  0x0096e2    0x12  System.o [1]
  .near_func.text    ro code  0x0096f4    0x10  stm8l10x_clk.o [1]
  .near_func.text    ro code  0x009704    0x10  System.o [1]
  .near_func.text    ro code  0x009714     0xf  bsp.o [1]
  .near_func.text    ro code  0x009723     0xf  stm8l10x_flash.o [1]
  .near_func.text    ro code  0x009732     0xe  stm8l10x_i2c.o [1]
  .near_func.text    ro code  0x009740     0xd  stm8l10x_i2c.o [1]
  .near_func.text    ro code  0x00974d     0xd  stm8l10x_i2c.o [1]
  .near_func.text    ro code  0x00975a     0xd  stm8l10x_i2c.o [1]
  .near_func.text    ro code  0x009767     0xd  stm8l10x_tim2.o [1]
  .near_func.text    ro code  0x009774     0xd  stm8l10x_tim2.o [1]
  .near_func.text    ro code  0x009781     0xd  stm8l10x_tim3.o [1]
  .near_func.text    ro code  0x00978e     0xd  stm8l10x_tim3.o [1]
  .near_func.text    ro code  0x00979b     0xc  LED.o [1]
  .near_func.text    ro code  0x0097a7     0xb  ds3231.o [1]
  .near_func.text    ro code  0x0097b2     0xb  stm8l10x_flash.o [1]
  .near_func.text    ro code  0x0097bd     0xb  stm8l10x_tim2.o [1]
  .near_func.text    ro code  0x0097c8     0x9  ds3231.o [1]
  .near_func.text    ro code  0x0097d1     0x8  System.o [1]
  .near_func.text    ro code  0x0097d9     0x8  System.o [1]
  .near_func.text    ro code  0x0097e1     0x7  bsp.o [1]
  .near_func.text    ro code  0x0097e8     0x7  stm8l10x_gpio.o [1]
  .near_func.text    ro code  0x0097ef     0x7  stm8l10x_gpio.o [1]
  .near_func.text    ro code  0x0097f6     0x7  System.o [1]
  .near_func.text    ro code  0x0097fd     0x7  System.o [1]
  .near_func.text    ro code  0x009804     0x7  System.o [1]
  .near_func.text    ro code  0x00980b     0x7  xxmemxmalloc.o [4]
  .near_func.text    ro code  0x009812     0x5  bsp.o [1]
  .near_func.text    ro code  0x009817     0x5  LED.o [1]
  .near_func.text    ro code  0x00981c     0x5  stm8l10x_tim3.o [1]
  .near_func.text    ro code  0x009821     0x5  cexit.o [4]
  .near.rodata       const    0x009826     0x4  stm8l10x_clk.o [1]
  .near_func.text    ro code  0x00982a     0x4  bsp.o [1]
  .near_func.text    ro code  0x00982e     0x4  stm8l10x_gpio.o [1]
  .near_func.text    ro code  0x009832     0x4  stm8l10x_i2c.o [1]
  .near_func.text    ro code  0x009836     0x4  stm8l10x_i2c.o [1]
  .near_func.text    ro code  0x00983a     0x4  System.o [1]
  .near_func.text    ro code  0x00983e     0x4  System.o [1]
  .near_func.text    ro code  0x009842     0x3  Key.o [1]
  .near_func.text    ro code  0x009845     0x3  interrupt.o [4]
  .near_func.text    ro code  0x009848     0x3  low_level_init.o [4]
  .near_func.text    ro code  0x00984b     0x3  exit.o [4]
  .near_func.text    ro code  0x00984e     0x3  unhandled_exception.o [4]
  .near_func.text    ro code  0x009851     0x2  stm8l10x_flash.o [1]
  .near_func.text    ro code  0x009853     0x2  stm8l10x_flash.o [1]
  .near_func.text    ro code  0x009855     0x1  stm8l10x_it.o [1]
  .near_func.text    ro code  0x009856     0x1  stm8l10x_it.o [1]
  .near_func.text    ro code  0x009857     0x1  stm8l10x_it.o [1]
  .near_func.text    ro code  0x009858     0x1  stm8l10x_it.o [1]
  .near_func.text    ro code  0x009859     0x1  stm8l10x_it.o [1]
  .near_func.text    ro code  0x00985a     0x1  stm8l10x_it.o [1]
  .near_func.text    ro code  0x00985b     0x1  stm8l10x_it.o [1]
  .near_func.text    ro code  0x00985c     0x1  stm8l10x_it.o [1]
  .near_func.text    ro code  0x00985d     0x1  stm8l10x_it.o [1]
  .near_func.text    ro code  0x00985e     0x1  stm8l10x_it.o [1]
  .near_func.text    ro code  0x00985f     0x1  stm8l10x_it.o [1]
  .near_func.text    ro code  0x009860     0x1  stm8l10x_it.o [1]
  .near_func.text    ro code  0x009861     0x1  stm8l10x_it.o [1]
  .near_func.text    ro code  0x009862     0x1  stm8l10x_it.o [1]
  .near_func.text    ro code  0x009863     0x1  stm8l10x_it.o [1]
  .near_func.text    ro code  0x009864     0x1  stm8l10x_it.o [1]
  .near_func.text    ro code  0x009865     0x1  stm8l10x_it.o [1]
  .near_func.text    ro code  0x009866     0x1  __dbg_break.o [3]
                            - 0x009867  0x17e7


*******************************************************************************
*** INIT TABLE
***

          Address   Size
          -------   ----
Zero (__iar_zero_init2)
    1 destination range, total size 0x27:
          0x00015f  0x27

Copy (__iar_copy_init2)
    1 source range, total size 0x4f:
          0x008e6d  0x4f
    1 destination range, total size 0x4f:
          0x000010  0x4f



*******************************************************************************
*** MODULE SUMMARY
***

    Module                 ro code  ro data  rw data
    ------                 -------  -------  -------
C:\Users\86153\Desktop\新建文件夹 (2)\zh\WaterLoveFlower\HW3000_TX\Debug\Obj: [1]
    FSM.o                       23
    Key.o                       48
    LED.o                      147       11       13
    Motor.o                     22                 1
    System.o                   449       64       72
    TM1650.o                   712        4        5
    Time.o                     235                 6
    bsp.o                       51
    ds3231.o                    20
    hw3000.o                   755                11
    i2c.o                      324
    main.o                     103
    stm8l10x_clk.o              95        4
    stm8l10x_exti.o            318
    stm8l10x_flash.o            55
    stm8l10x_gpio.o            147
    stm8l10x_i2c.o             467
    stm8l10x_it.o              242                 4
    stm8l10x_tim2.o            241
    stm8l10x_tim3.o            190
    ------------------------------------------------
    Total:                   4 644       83      112

command line: [2]
    ------------------------------------------------
    Total:

dbgstm8smd.a: [3]
    __dbg_break.o                1
    __dbg_xxexit.o              20
    ------------------------------------------------
    Total:                      21

dlstm8smn.a: [4]
    cexit.o                      5
    cstartup.o                  19
    dc_util.o                   37
    exit.o                       3
    init.o                      20
    init_small.o                70
    interrupt.o                  3      128
    long.o                     291
    long_util.o                 38
    low_level_init.o             3
    memset.o                    22
    move.o                      31
    short.o                     71
    unhandled_exception.o        3
    vreg_util.o                249
    vregs.o                                       16
    xgetmemchunk.o              25                 2
    xxmemxfree.o               211
    xxmemxmalloc.o             252                 4
    ------------------------------------------------
    Total:                   1 353      128       22

    Linker created                       18      512
----------------------------------------------------
    Grand Total:             6 018      229      646


*******************************************************************************
*** ENTRY LIST
***

Entry                    Address   Size  Type      Object
-----                    -------   ----  ----      ------
.iar.init_table$$Base   0x0093fa          --   Gb  - Linker created -
.iar.init_table$$Limit  0x00940c          --   Gb  - Linker created -
?b0                     0x000000         Data  Gb  vregs.o [4]
?b1                     0x000001         Data  Gb  vregs.o [4]
?b10                    0x00000a         Data  Gb  vregs.o [4]
?b11                    0x00000b         Data  Gb  vregs.o [4]
?b12                    0x00000c         Data  Gb  vregs.o [4]
?b13                    0x00000d         Data  Gb  vregs.o [4]
?b14                    0x00000e         Data  Gb  vregs.o [4]
?b15                    0x00000f         Data  Gb  vregs.o [4]
?b2                     0x000002         Data  Gb  vregs.o [4]
?b3                     0x000003         Data  Gb  vregs.o [4]
?b4                     0x000004         Data  Gb  vregs.o [4]
?b5                     0x000005         Data  Gb  vregs.o [4]
?b6                     0x000006         Data  Gb  vregs.o [4]
?b7                     0x000007         Data  Gb  vregs.o [4]
?b8                     0x000008         Data  Gb  vregs.o [4]
?b9                     0x000009         Data  Gb  vregs.o [4]
?dc32_l0                0x00936b         Code  Gb  dc_util.o [4]
?dc32_l1                0x009378         Code  Gb  dc_util.o [4]
?dc32_px                0x009385         Code  Gb  dc_util.o [4]
?e0                     0x000001         Data  Gb  vregs.o [4]
?e1                     0x000005         Data  Gb  vregs.o [4]
?e2                     0x000009         Data  Gb  vregs.o [4]
?e3                     0x00000d         Data  Gb  vregs.o [4]
?epilogue_l2            0x0087af         Code  Gb  vreg_util.o [4]
?epilogue_l2_l3         0x0087ac         Code  Gb  vreg_util.o [4]
?epilogue_l2_w6         0x0087b3         Code  Gb  vreg_util.o [4]
?epilogue_w4            0x0087ba         Code  Gb  vreg_util.o [4]
?inc32_0x_0x            0x0084e9         Code  Gb  long.o [4]
?inc32_l0_l0            0x0084e4         Code  Gb  long.o [4]
?l0                     0x000000         Data  Gb  vregs.o [4]
?l1                     0x000004         Data  Gb  vregs.o [4]
?l2                     0x000008         Data  Gb  vregs.o [4]
?l3                     0x00000c         Data  Gb  vregs.o [4]
?load32_0x_l0           0x009313         Code  Gb  long_util.o [4]
?load32_l0_0x           0x0092fb         Code  Gb  long_util.o [4]
?load32_l1_0x           0x009307         Code  Gb  long_util.o [4]
?longfarg16_v_w0_a      0x009497         Code  Gb  move.o [4]
?longfarg16_v_w0_x      0x009499         Code  Gb  move.o [4]
?mov_e0_e2              0x0087cf         Code  Gb  vreg_util.o [4]
?mov_e0_e3              0x0087dc         Code  Gb  vreg_util.o [4]
?mov_e1_e2              0x0087e9         Code  Gb  vreg_util.o [4]
?mov_e2_e0              0x0087f6         Code  Gb  vreg_util.o [4]
?mov_e3_e0              0x008803         Code  Gb  vreg_util.o [4]
?mov_l0_l2              0x0087cc         Code  Gb  vreg_util.o [4]
?mov_l0_l3              0x0087d9         Code  Gb  vreg_util.o [4]
?mov_l1_l2              0x0087e6         Code  Gb  vreg_util.o [4]
?mov_l2_l0              0x0087f3         Code  Gb  vreg_util.o [4]
?mov_l3_l0              0x008800         Code  Gb  vreg_util.o [4]
?mov_w0_w3              0x0087be         Code  Gb  vreg_util.o [4]
?mov_w1_w5              0x0087d2         Code  Gb  vreg_util.o [4]
?mov_w1_w7              0x0087df         Code  Gb  vreg_util.o [4]
?mov_w2_w1              0x0087c5         Code  Gb  vreg_util.o [4]
?mov_w3_w5              0x0087ec         Code  Gb  vreg_util.o [4]
?mov_w5_w1              0x0087f9         Code  Gb  vreg_util.o [4]
?mov_w7_w1              0x008806         Code  Gb  vreg_util.o [4]
?move1616_v_x_y_a       0x00948a         Code  Gb  move.o [4]
?mul16_x_x_w0           0x008f0a         Code  Gb  short.o [4]
?mul32_l0_l0_0x         0x0084fa         Code  Gb  long.o [4]
?mul32_l0_l0_dl         0x0084f7         Code  Gb  long.o [4]
?mul32_l0_l0_l1         0x008503         Code  Gb  long.o [4]
?pop_l0                 0x008778         Code  Gb  vreg_util.o [4]
?pop_l1                 0x008783         Code  Gb  vreg_util.o [4]
?pop_l2                 0x00878e         Code  Gb  vreg_util.o [4]
?pop_l3                 0x008799         Code  Gb  vreg_util.o [4]
?pop_w4                 0x008731         Code  Gb  vreg_util.o [4]
?pop_w6                 0x008738         Code  Gb  vreg_util.o [4]
?push_l0                0x008747         Code  Gb  vreg_util.o [4]
?push_l1                0x00874c         Code  Gb  vreg_util.o [4]
?push_l2                0x008751         Code  Gb  vreg_util.o [4]
?push_l3                0x008756         Code  Gb  vreg_util.o [4]
?push_w4                0x008714         Code  Gb  vreg_util.o [4]
?push_w6                0x008719         Code  Gb  vreg_util.o [4]
?sdiv16_x_x_y           0x008f28         Code  Gb  short.o [4]
?sll16_x_x_a            0x008f41         Code  Gb  short.o [4]
?sll32_0x_0x_a          0x0085f9         Code  Gb  long.o [4]
?sll32_l0_l0_a          0x0085f6         Code  Gb  long.o [4]
?srl16_x_x_4            0x008f4c         Code  Gb  short.o [4]
?srl16_x_x_5            0x008f4b         Code  Gb  short.o [4]
?srl16_x_x_6            0x008f4a         Code  Gb  short.o [4]
?srl16_x_x_7            0x008f49         Code  Gb  short.o [4]
?udiv32_l0_dl_l1        0x008581         Code  Gb  long.o [4]
?udiv32_l0_l0_dl        0x008586         Code  Gb  long.o [4]
?udiv32_l0_l0_l1        0x008589         Code  Gb  long.o [4]
?umod32_l1_l0_l1        0x008589         Code  Gb  long.o [4]
?w0                     0x000000         Data  Gb  vregs.o [4]
?w1                     0x000002         Data  Gb  vregs.o [4]
?w2                     0x000004         Data  Gb  vregs.o [4]
?w3                     0x000006         Data  Gb  vregs.o [4]
?w4                     0x000008         Data  Gb  vregs.o [4]
?w5                     0x00000a         Data  Gb  vregs.o [4]
?w6                     0x00000c         Data  Gb  vregs.o [4]
?w7                     0x00000e         Data  Gb  vregs.o [4]
AWU_IRQHandler          0x009857    0x1  Code  Gb  stm8l10x_it.o [1]
CLK_GetClockFreq        0x009084   0x35  Code  Gb  stm8l10x_clk.o [1]
CLK_MasterPrescalerConfig
                        0x0096f4   0x10  Code  Gb  stm8l10x_clk.o [1]
CLK_PeripheralClockConfig
                        0x00956d   0x1a  Code  Gb  stm8l10x_clk.o [1]
COMP_IRQHandler         0x00985e    0x1  Code  Gb  stm8l10x_it.o [1]
CSTACK$$Base            0x000500          --   Gb  - Linker created -
CSTACK$$Limit           0x000600          --   Gb  - Linker created -
DS3231_GetTime          0x0097c8    0x9  Code  Gb  ds3231.o [1]
DS3231_Interrupt        0x008f97   0x41  Code  Gb  System.o [1]
DS3231_SetAlarm1        0x0097a7    0xb  Code  Gb  ds3231.o [1]
Delay                   0x009207   0x2b  Code  Gb  main.o [1]
DisplayAddressArray     0x00005b    0x4  Data  Gb  TM1650.o [1]
DisplayConfig_TM1650    0x009232   0x29  Code  Gb  TM1650.o [1]
DisplayOFF_TM1650       0x0092d4   0x27  Code  Gb  TM1650.o [1]
DisplayON_TM1650        0x00925b   0x29  Code  Gb  TM1650.o [1]
DisplayOneDigi_TM1650   0x009500   0x1c  Code  Gb  TM1650.o [1]
EXTI0_IRQHandler        0x00985a    0x1  Code  Gb  stm8l10x_it.o [1]
EXTI1_IRQHandler        0x00985b    0x1  Code  Gb  stm8l10x_it.o [1]
EXTI2_IRQHandler        0x009284   0x28  Code  Gb  stm8l10x_it.o [1]
EXTI3_IRQHandler        0x00985c    0x1  Code  Gb  stm8l10x_it.o [1]
EXTI4_IRQHandler        0x00951c   0x1b  Code  Gb  stm8l10x_it.o [1]
EXTI5_IRQHandler        0x00904c   0x38  Code  Gb  stm8l10x_it.o [1]
EXTI6_IRQHandler        0x009120   0x30  Code  Gb  stm8l10x_it.o [1]
EXTI7_IRQHandler        0x00985d    0x1  Code  Gb  stm8l10x_it.o [1]
EXTIB_IRQHandler        0x009858    0x1  Code  Gb  stm8l10x_it.o [1]
EXTID_IRQHandler        0x009859    0x1  Code  Gb  stm8l10x_it.o [1]
EXTI_ClearITPendingBit  0x009620   0x18  Code  Gb  stm8l10x_exti.o [1]
EXTI_DeInit             0x0095d5   0x19  Code  Gb  stm8l10x_exti.o [1]
EXTI_SetPinSensitivity  0x008607  0x10d  Code  Gb  stm8l10x_exti.o [1]
FLASH_IRQHandler        0x009856    0x1  Code  Gb  stm8l10x_it.o [1]
FLASH_Lock              0x0097b2    0xb  Code  Gb  stm8l10x_flash.o [1]
FLASH_ProgramByte       0x009851    0x2  Code  Gb  stm8l10x_flash.o [1]
FLASH_ReadByte          0x009853    0x2  Code  Gb  stm8l10x_flash.o [1]
FLASH_SetProgrammingTime
                        0x009723    0xf  Code  Gb  stm8l10x_flash.o [1]
FLASH_Unlock            0x0095ee   0x19  Code  Gb  stm8l10x_flash.o [1]
FSM_Init                0x009650   0x17  Code  Gb  FSM.o [1]
FrameAck_1650           0x0094e4   0x1c  Code  Gb  TM1650.o [1]
FrameEnd_1650           0x009638   0x18  Code  Gb  TM1650.o [1]
FrameStart_1650         0x0093d8   0x22  Code  Gb  TM1650.o [1]
GPIO_Init               0x008b70   0x81  Code  Gb  stm8l10x_gpio.o [1]
GPIO_ReadInputDataBit   0x0097ef    0x7  Code  Gb  stm8l10x_gpio.o [1]
GPIO_ReadInputPin       0x009714    0xf  Code  Gb  bsp.o [1]
GPIO_ResetBits          0x00982e    0x4  Code  Gb  stm8l10x_gpio.o [1]
GPIO_SetBits            0x0097e8    0x7  Code  Gb  stm8l10x_gpio.o [1]
GPIO_WriteHigh          0x0097e1    0x7  Code  Gb  bsp.o [1]
GPIO_WriteLow           0x00982a    0x4  Code  Gb  bsp.o [1]
HAL_Delay_nMS           0x009693   0x14  Code  Gb  bsp.o [1]
HEAP$$Base              0x00005f          --   Gb  - Linker created -
HEAP$$Limit             0x00015f          --   Gb  - Linker created -
HSIDivFactor            0x009826    0x4  Data  Gb  stm8l10x_clk.o [1]
I2CInit                 0x009321   0x25  Code  Gb  i2c.o [1]
I2CRead                 0x0089af   0xa6  Code  Gb  i2c.o [1]
I2CWrite                0x008bf1   0x79  Code  Gb  i2c.o [1]
I2C_Cmd                 0x009740    0xd  Code  Gb  stm8l10x_i2c.o [1]
I2C_DeInit              0x009346   0x25  Code  Gb  stm8l10x_i2c.o [1]
I2C_GenerateSTART       0x00974d    0xd  Code  Gb  stm8l10x_i2c.o [1]
I2C_GenerateSTOP        0x00975a    0xd  Code  Gb  stm8l10x_i2c.o [1]
I2C_IRQHandler          0x009865    0x1  Code  Gb  stm8l10x_it.o [1]
I2C_Init                0x008373  0x171  Code  Gb  stm8l10x_i2c.o [1]
I2C_ReceiveData         0x009836    0x4  Code  Gb  stm8l10x_i2c.o [1]
I2C_Send7bitAddress     0x009732    0xe  Code  Gb  stm8l10x_i2c.o [1]
I2C_SendData            0x009832    0x4  Code  Gb  stm8l10x_i2c.o [1]
INTVEC$$Base            0x008000          --   Gb  - Linker created -
INTVEC$$Limit           0x008080          --   Gb  - Linker created -
Init_HW                 0x00944c   0x1f  Code  Gb  main.o [1]
KEY_Init                0x009180   0x2d  Code  Gb  Key.o [1]
KEY_ReadTM1650Key       0x009842    0x3  Code  Gb  Key.o [1]
LED_Blink               0x0090df    0xe  Code  Gb  LED.o [1]
LED_Config              0x00017e    0x1  Data  Gb  LED.o [1]
LED_Init                0x009817    0x5  Code  Gb  LED.o [1]
LED_SetBlink            0x00979b    0xc  Code  Gb  LED.o [1]
LED_SetDisp_ONOFF       0x0090b9   0x26  Code  Gb  LED.o [1]
LED_Show                0x008ebc   0x4e  Code  Gb  LED.o [1]
LightLevel              0x00001a    0x1  Data  Gb  LED.o [1]
MOTOR_Close             0x00966c    0x5  Code  Gb  Motor.o [1]
MOTOR_DoTest            0x009671    0xc  Code  Gb  Motor.o [1]
MOTOR_Open              0x009667    0x5  Code  Gb  Motor.o [1]
Motor_Status            0x000180    0x1  Data  Gb  Motor.o [1]
Number_arr              0x000010    0xa  Data  Gb  LED.o [1]
Region$$Table$$Base     0x0093fa          --   Gb  - Linker created -
Region$$Table$$Limit    0x00940c          --   Gb  - Linker created -
SClK_Initial            0x009812    0x5  Code  Gb  bsp.o [1]
SPI_IRQHandler          0x009862    0x1  Code  Gb  stm8l10x_it.o [1]
SYS_Chang_SetNum        0x009704   0x10  Code  Gb  System.o [1]
SYS_DoTest_Start        0x0097d9    0x8  Code  Gb  System.o [1]
SYS_DoTest_Stop         0x009804    0x7  Code  Gb  System.o [1]
SYS_Even                0x000181    0x1  Data  Gb  System.o [1]
SYS_FSM                 0x000171    0x2  Data  Gb  System.o [1]
SYS_GetSYS_Status       0x0097f6    0x7  Code  Gb  System.o [1]
SYS_Get_WaterTime       0x00983a    0x4  Code  Gb  System.o [1]
SYS_Init                0x00946b   0x1f  Code  Gb  System.o [1]
SYS_ReadFlash           0x008fd8   0x3b  Code  Gb  System.o [1]
SYS_SetEven             0x00983e    0x4  Code  Gb  System.o [1]
SYS_Start_Water         0x0097d1    0x8  Code  Gb  System.o [1]
SYS_Stop_Water          0x0097fd    0x7  Code  Gb  System.o [1]
SYS_Table               0x00001b   0x40  Data  Gb  System.o [1]
SYS_User_Seting         0x0096e2   0x12  Code  Gb  System.o [1]
SYS_User_Seting_Over    0x0091da   0x2d  Code  Gb  System.o [1]
SYS_WriteFlash          0x009013   0x39  Code  Gb  System.o [1]
SYS_doScan              0x008c6a   0x71  Code  Gb  System.o [1]
Scan_Key_TM1650         0x008f51   0x46  Code  Gb  TM1650.o [1]
SendOneCouple_TM1650    0x0088e0   0xcf  Code  Gb  TM1650.o [1]
SendOne_TM1650          0x008da5   0x65  Code  Gb  TM1650.o [1]
TIM2_ARRPreloadConfig   0x009774    0xd  Code  Gb  stm8l10x_tim2.o [1]
TIM2_CAP_IRQHandler     0x00985f    0x1  Code  Gb  stm8l10x_it.o [1]
TIM2_ClearFlag          0x0097bd    0xb  Code  Gb  stm8l10x_tim2.o [1]
TIM2_Cmd                0x009767    0xd  Code  Gb  stm8l10x_tim2.o [1]
TIM2_DeInit             0x008cdb   0x65  Code  Gb  stm8l10x_tim2.o [1]
TIM2_GetITStatus        0x0091ad   0x2d  Code  Gb  stm8l10x_tim2.o [1]
TIM2_ITConfig           0x009587   0x1a  Code  Gb  stm8l10x_tim2.o [1]
TIM2_TimeBaseInit       0x00940c   0x20  Code  Gb  stm8l10x_tim2.o [1]
TIM2_UPD_OVF_TRG_BRK_IRQHandler
                        0x009537   0x1b  Code  Gb  stm8l10x_it.o [1]
TIM3_ARRPreloadConfig   0x00978e    0xd  Code  Gb  stm8l10x_tim3.o [1]
TIM3_CAP_IRQHandler     0x009860    0x1  Code  Gb  stm8l10x_it.o [1]
TIM3_ClearITPendingBit  0x00981c    0x5  Code  Gb  stm8l10x_tim3.o [1]
TIM3_Cmd                0x009781    0xd  Code  Gb  stm8l10x_tim3.o [1]
TIM3_DeInit             0x008d40   0x65  Code  Gb  stm8l10x_tim3.o [1]
TIM3_ITConfig           0x0095a1   0x1a  Code  Gb  stm8l10x_tim3.o [1]
TIM3_TimeBaseInit       0x00942c   0x20  Code  Gb  stm8l10x_tim3.o [1]
TIM3_UPD_OVF_TRG_BRK_IRQHandler
                        0x009552   0x1b  Code  Gb  stm8l10x_it.o [1]
TIM4_UPD_OVF_IRQHandler
                        0x009861    0x1  Code  Gb  stm8l10x_it.o [1]
TRAP_IRQHandler         0x009855    0x1  Code  Gb  stm8l10x_it.o [1]
TickCounter             0x000169    0x4  Data  Gb  stm8l10x_it.o [1]
Timer2_Init             0x0093b4   0x24  Code  Gb  Time.o [1]
Timer2_interrupt        0x0095bb   0x1a  Code  Gb  Time.o [1]
Timer3_Init             0x009390   0x24  Code  Gb  Time.o [1]
Timer3_interrupt        0x008ae7   0x89  Code  Gb  Time.o [1]
USART_RX_IRQHandler     0x009864    0x1  Code  Gb  stm8l10x_it.o [1]
USART_TX_IRQHandler     0x009863    0x1  Code  Gb  stm8l10x_it.o [1]
WorkMode                0x00017f    0x1  Data  Gb  LED.o [1]
__DebugBreak            0x009866    0x1  Code  Gb  __dbg_break.o [3]
__exit                  0x0096bb   0x14  Code  Gb  __dbg_xxexit.o [3]
__iar_copy_init2        0x0092ac         Code  Gb  init_small.o [4]
__iar_data_init2        0x0096a7   0x14  Code  Gb  init.o [4]
__iar_program_start     0x0096cf         Code  Gb  cstartup.o [4]
__iar_unhandled_exception
                        0x00984e         Code  Gb  unhandled_exception.o [4]
__iar_zero_init2        0x0094a9         Code  Gb  init_small.o [4]
__intvec                0x008000         Data  Gb  interrupt.o [4]
__low_level_init        0x009848    0x3  Code  Gb  low_level_init.o [4]
__near_Aldata           0x00016d    0x4  Data  Gb  xxmemxmalloc.o [4]
__near_GetMemChunk      0x009607   0x19  Code  Gb  xgetmemchunk.o [4]
__near_GetMemChunk::start
                        0x00017b    0x2  Data  Lc  xgetmemchunk.o [4]
__near_findmem          0x008e0a   0x63  Code  Lc  xxmemxmalloc.o [4]
_exit                   0x009821         Code  Gb  cexit.o [4]
_hw3000_irq_request     0x00017d    0x1  Data  Gb  hw3000.o [1]
_hw3000_mode            0x00015f    0xa  Data  Gb  hw3000.o [1]
_interrupt_1            0x009855         Code  Gb  stm8l10x_it.o [1]
_interrupt_10           0x00985a         Code  Gb  stm8l10x_it.o [1]
_interrupt_11           0x00985b         Code  Gb  stm8l10x_it.o [1]
_interrupt_12           0x009284         Code  Gb  stm8l10x_it.o [1]
_interrupt_13           0x00985c         Code  Gb  stm8l10x_it.o [1]
_interrupt_14           0x00951c         Code  Gb  stm8l10x_it.o [1]
_interrupt_15           0x00904c         Code  Gb  stm8l10x_it.o [1]
_interrupt_16           0x009120         Code  Gb  stm8l10x_it.o [1]
_interrupt_17           0x00985d         Code  Gb  stm8l10x_it.o [1]
_interrupt_20           0x00985e         Code  Gb  stm8l10x_it.o [1]
_interrupt_21           0x009537         Code  Gb  stm8l10x_it.o [1]
_interrupt_22           0x00985f         Code  Gb  stm8l10x_it.o [1]
_interrupt_23           0x009552         Code  Gb  stm8l10x_it.o [1]
_interrupt_24           0x009860         Code  Gb  stm8l10x_it.o [1]
_interrupt_27           0x009861         Code  Gb  stm8l10x_it.o [1]
_interrupt_28           0x009862         Code  Gb  stm8l10x_it.o [1]
_interrupt_29           0x009863         Code  Gb  stm8l10x_it.o [1]
_interrupt_3            0x009856         Code  Gb  stm8l10x_it.o [1]
_interrupt_30           0x009864         Code  Gb  stm8l10x_it.o [1]
_interrupt_31           0x009865         Code  Gb  stm8l10x_it.o [1]
_interrupt_6            0x009857         Code  Gb  stm8l10x_it.o [1]
_interrupt_8            0x009858         Code  Gb  stm8l10x_it.o [1]
_interrupt_9            0x009859         Code  Gb  stm8l10x_it.o [1]
e_set_type              0x000182    0x1  Data  Gb  System.o [1]
err                     0x000185    0x1  Data  Gb  TM1650.o [1]
exit                    0x00984b    0x3  Code  Gb  exit.o [4]
free                    0x00880d   0xc9  Code  Gb  xxmemxfree.o [4]
ge                      0x000184    0x1  Data  Gb  Time.o [1]
hw3000_deep_sleep_down  0x008309   0x1e  Code  Gb  hw3000.o [1]
hw3000_deep_sleep_up    0x008327   0x4c  Code  Gb  hw3000.o [1]
hw3000_freq_set         0x0081c2  0x147  Code  Gb  hw3000.o [1]
hw3000_read_reg         0x00811c   0xa6  Code  Gb  hw3000.o [1]
hw3000_write_reg        0x008080   0x9c  Code  Gb  hw3000.o [1]
init_Gpio1650           0x009150   0x30  Code  Gb  TM1650.o [1]
key_time2               0x000173    0x2  Data  Gb  System.o [1]
main                    0x0094c7   0x1d  Code  Gb  main.o [1]
malloc                  0x008a55   0x92  Code  Gb  xxmemxmalloc.o [4]
memset                  0x00967d   0x16  Code  Gb  memset.o [4]
read_dio                0x0090ed   0x33  Code  Gb  TM1650.o [1]
set_num                 0x000175    0x2  Data  Gb  System.o [1]
shi                     0x000183    0x1  Data  Gb  Time.o [1]
timer2                  0x000177    0x2  Data  Gb  Time.o [1]
timer3                  0x000179    0x2  Data  Gb  Time.o [1]


[1] = C:\Users\86153\Desktop\新建文件夹 (2)\zh\WaterLoveFlower\HW3000_TX\Debug\Obj
[2] = command line
[3] = dbgstm8smd.a
[4] = dlstm8smn.a

  6 018 bytes of readonly  code memory
    229 bytes of readonly  data memory
    646 bytes of readwrite data memory

Errors: none
Warnings: none
